interactions:
- request:
    body: status=Toot%21
    headers:
      Accept: ['*/*']
      Accept-Encoding: ['gzip, deflate']
      Authorization: [Bearer __MASTODON_PY_TEST_ACCESS_TOKEN]
      Connection: [keep-alive]
      Content-Length: ['14']
      Content-Type: [application/x-www-form-urlencoded]
      User-Agent: [python-requests/2.18.4]
    method: POST
    uri: http://localhost:3000/api/v1/statuses
  response:
    body: {string: '{"id":"102315368082869206","created_at":"2019-06-22T13:03:39.439Z","in_reply_to_id":null,"in_reply_to_account_id":null,"sensitive":false,"spoiler_text":"","visibility":"public","language":"ja","uri":"http://localhost/users/mastodonpy_test/statuses/102315368082869206","url":"http://localhost/@mastodonpy_test/102315368082869206","replies_count":0,"reblogs_count":0,"favourites_count":0,"favourited":false,"reblogged":false,"muted":false,"pinned":false,"content":"\u003cp\u003eToot!\u003c/p\u003e","reblog":null,"application":{"name":"Mastodon.py
        test suite","website":null},"account":{"id":"1234567890123456","username":"mastodonpy_test","acct":"mastodonpy_test","display_name":"John
        Lennon","locked":true,"bot":false,"created_at":"2019-06-22T14:46:28.567Z","note":"\u003cp\u003eI
        walk funny\u003c/p\u003e","url":"http://localhost/@mastodonpy_test","avatar":"http://localhost/system/accounts/avatars/123/456/789/012/345/original/mastodonpyupload_.jpeg?1561208564","avatar_static":"http://localhost/system/accounts/avatars/123/456/789/012/345/original/mastodonpyupload_.jpeg?1561208564","header":"http://localhost/system/accounts/headers/123/456/789/012/345/original/mastodonpyupload_.jpeg?1561208564","header_static":"http://localhost/system/accounts/headers/123/456/789/012/345/original/mastodonpyupload_.jpeg?1561208564","followers_count":0,"following_count":0,"statuses_count":1,"emojis":[],"fields":[{"name":"bread","value":"toasty.","verified_at":null},{"name":"lasagna","value":"no!!!","verified_at":null}]},"media_attachments":[],"mentions":[],"tags":[],"emojis":[],"card":null,"poll":null}'}
    headers:
      Cache-Control: ['no-cache, no-store']
      Content-Type: [application/json; charset=utf-8]
      Referrer-Policy: [strict-origin-when-cross-origin]
      Transfer-Encoding: [chunked]
      Vary: ['Accept-Encoding, Origin']
      X-Content-Type-Options: [nosniff]
      X-Download-Options: [noopen]
      X-Frame-Options: [SAMEORIGIN]
      X-Permitted-Cross-Domain-Policies: [none]
      X-Request-Id: [266c3499-7668-4c84-a800-69e3f545abfb]
      X-Runtime: ['0.204094']
      X-XSS-Protection: [1; mode=block]
      content-length: ['1597']
    status: {code: 200, message: OK}
- request:
    body: null
    headers:
      Accept: ['*/*']
      Accept-Encoding: ['gzip, deflate']
      Authorization: [Bearer __MASTODON_PY_TEST_ACCESS_TOKEN_2]
      Connection: [keep-alive]
      User-Agent: [python-requests/2.18.4]
    method: GET
    uri: http://localhost:3000/api/v1/accounts/verify_credentials
  response:
    body: {string: '{"id":"1","username":"admin","acct":"admin","display_name":"","locked":false,"bot":false,"created_at":"2019-06-22T12:42:50.096Z","note":"\u003cp\u003e\u003c/p\u003e","url":"http://localhost/@admin","avatar":"http://localhost/avatars/original/missing.png","avatar_static":"http://localhost/avatars/original/missing.png","header":"http://localhost/headers/original/missing.png","header_static":"http://localhost/headers/original/missing.png","followers_count":0,"following_count":0,"statuses_count":1,"source":{"privacy":"public","sensitive":false,"language":null,"note":"","fields":[]},"emojis":[],"fields":[]}'}
    headers:
      Cache-Control: ['no-cache, no-store']
      Content-Type: [application/json; charset=utf-8]
      Referrer-Policy: [strict-origin-when-cross-origin]
      Transfer-Encoding: [chunked]
      Vary: ['Accept-Encoding, Origin']
      X-Content-Type-Options: [nosniff]
      X-Download-Options: [noopen]
      X-Frame-Options: [SAMEORIGIN]
      X-Permitted-Cross-Domain-Policies: [none]
      X-Request-Id: [df88a595-49ac-40c6-ad21-af29ef898a3c]
      X-Runtime: ['0.050308']
      X-XSS-Protection: [1; mode=block]
      content-length: ['609']
    status: {code: 200, message: OK}
- request:
    body: spoiler_text=&visibility=public&in_reply_to_id=102315368082869206&status=%40mastodonpy_test+same%21
    headers:
      Accept: ['*/*']
      Accept-Encoding: ['gzip, deflate']
      Authorization: [Bearer __MASTODON_PY_TEST_ACCESS_TOKEN_2]
      Connection: [keep-alive]
      Content-Length: ['99']
      Content-Type: [application/x-www-form-urlencoded]
      User-Agent: [python-requests/2.18.4]
    method: POST
    uri: http://localhost:3000/api/v1/statuses
  response:
    body: {string: '{"id":"102315368099679936","created_at":"2019-06-22T13:03:39.697Z","in_reply_to_id":"102315368082869206","in_reply_to_account_id":"1234567890123456","sensitive":false,"spoiler_text":"","visibility":"public","language":"en","uri":"http://localhost/users/admin/statuses/102315368099679936","url":"http://localhost/@admin/102315368099679936","replies_count":0,"reblogs_count":0,"favourites_count":0,"favourited":false,"reblogged":false,"muted":false,"pinned":false,"content":"\u003cp\u003e\u003cspan
        class=\"h-card\"\u003e\u003ca href=\"http://localhost/@mastodonpy_test\" class=\"u-url
        mention\"\u003e@\u003cspan\u003emastodonpy_test\u003c/span\u003e\u003c/a\u003e\u003c/span\u003e
        same!\u003c/p\u003e","reblog":null,"application":{"name":"Mastodon.py test
        suite","website":null},"account":{"id":"1","username":"admin","acct":"admin","display_name":"","locked":false,"bot":false,"created_at":"2019-06-22T12:42:50.096Z","note":"\u003cp\u003e\u003c/p\u003e","url":"http://localhost/@admin","avatar":"http://localhost/avatars/original/missing.png","avatar_static":"http://localhost/avatars/original/missing.png","header":"http://localhost/headers/original/missing.png","header_static":"http://localhost/headers/original/missing.png","followers_count":0,"following_count":0,"statuses_count":2,"emojis":[],"fields":[]},"media_attachments":[],"mentions":[{"id":"1234567890123456","username":"mastodonpy_test","url":"http://localhost/@mastodonpy_test","acct":"mastodonpy_test"}],"tags":[],"emojis":[],"card":null,"poll":null}'}
    headers:
      Cache-Control: ['no-cache, no-store']
      Content-Type: [application/json; charset=utf-8]
      Referrer-Policy: [strict-origin-when-cross-origin]
      Transfer-Encoding: [chunked]
      Vary: ['Accept-Encoding, Origin']
      X-Content-Type-Options: [nosniff]
      X-Download-Options: [noopen]
      X-Frame-Options: [SAMEORIGIN]
      X-Permitted-Cross-Domain-Policies: [none]
      X-Request-Id: [f6a5c545-4cc4-4f44-a512-ad7f846fba13]
      X-Runtime: ['0.294790']
      X-XSS-Protection: [1; mode=block]
      content-length: ['1516']
    status: {code: 200, message: OK}
- request:
    body: null
    headers:
      Accept: ['*/*']
      Accept-Encoding: ['gzip, deflate']
      Authorization: [Bearer __MASTODON_PY_TEST_ACCESS_TOKEN_2]
      Connection: [keep-alive]
      Content-Length: ['0']
      User-Agent: [python-requests/2.18.4]
    method: DELETE
    uri: http://localhost:3000/api/v1/statuses/102315368099679936
  response:
    body: {string: '{"id":"102315368099679936","created_at":"2019-06-22T13:03:39.697Z","in_reply_to_id":"102315368082869206","in_reply_to_account_id":"1234567890123456","sensitive":false,"spoiler_text":"","visibility":"public","language":"en","uri":"http://localhost/users/admin/statuses/102315368099679936","url":"http://localhost/@admin/102315368099679936","replies_count":0,"reblogs_count":0,"favourites_count":0,"favourited":false,"reblogged":false,"muted":false,"pinned":false,"text":"@mastodonpy_test
        same!","reblog":null,"application":{"name":"Mastodon.py test suite","website":null},"account":{"id":"1","username":"admin","acct":"admin","display_name":"","locked":false,"bot":false,"created_at":"2019-06-22T12:42:50.096Z","note":"\u003cp\u003e\u003c/p\u003e","url":"http://localhost/@admin","avatar":"http://localhost/avatars/original/missing.png","avatar_static":"http://localhost/avatars/original/missing.png","header":"http://localhost/headers/original/missing.png","header_static":"http://localhost/headers/original/missing.png","followers_count":0,"following_count":0,"statuses_count":2,"emojis":[],"fields":[]},"media_attachments":[],"mentions":[{"id":"1234567890123456","username":"mastodonpy_test","url":"http://localhost/@mastodonpy_test","acct":"mastodonpy_test"}],"tags":[],"emojis":[],"card":null,"poll":null}'}
    headers:
      Cache-Control: ['no-cache, no-store']
      Content-Type: [application/json; charset=utf-8]
      Referrer-Policy: [strict-origin-when-cross-origin]
      Transfer-Encoding: [chunked]
      Vary: ['Accept-Encoding, Origin']
      X-Content-Type-Options: [nosniff]
      X-Download-Options: [noopen]
      X-Frame-Options: [SAMEORIGIN]
      X-Permitted-Cross-Domain-Policies: [none]
      X-Request-Id: [13f8de28-57f3-46e1-ad93-b97e544baa0a]
      X-Runtime: ['0.203312']
      X-XSS-Protection: [1; mode=block]
      content-length: ['1309']
    status: {code: 200, message: OK}
- request:
    body: null
    headers:
      Accept: ['*/*']
      Accept-Encoding: ['gzip, deflate']
      Authorization: [Bearer __MASTODON_PY_TEST_ACCESS_TOKEN]
      Connection: [keep-alive]
      Content-Length: ['0']
      User-Agent: [python-requests/2.18.4]
    method: DELETE
    uri: http://localhost:3000/api/v1/statuses/102315368082869206
  response:
    body: {string: '{"id":"102315368082869206","created_at":"2019-06-22T13:03:39.439Z","in_reply_to_id":null,"in_reply_to_account_id":null,"sensitive":false,"spoiler_text":"","visibility":"public","language":"ja","uri":"http://localhost/users/mastodonpy_test/statuses/102315368082869206","url":"http://localhost/@mastodonpy_test/102315368082869206","replies_count":0,"reblogs_count":0,"favourites_count":0,"favourited":false,"reblogged":false,"muted":false,"pinned":false,"text":"Toot!","reblog":null,"application":{"name":"Mastodon.py
        test suite","website":null},"account":{"id":"1234567890123456","username":"mastodonpy_test","acct":"mastodonpy_test","display_name":"John
        Lennon","locked":true,"bot":false,"created_at":"2019-06-22T14:46:28.567Z","note":"\u003cp\u003eI
        walk funny\u003c/p\u003e","url":"http://localhost/@mastodonpy_test","avatar":"http://localhost/system/accounts/avatars/123/456/789/012/345/original/mastodonpyupload_.jpeg?1561208564","avatar_static":"http://localhost/system/accounts/avatars/123/456/789/012/345/original/mastodonpyupload_.jpeg?1561208564","header":"http://localhost/system/accounts/headers/123/456/789/012/345/original/mastodonpyupload_.jpeg?1561208564","header_static":"http://localhost/system/accounts/headers/123/456/789/012/345/original/mastodonpyupload_.jpeg?1561208564","followers_count":0,"following_count":0,"statuses_count":1,"emojis":[],"fields":[{"name":"bread","value":"toasty.","verified_at":null},{"name":"lasagna","value":"no!!!","verified_at":null}]},"media_attachments":[],"mentions":[],"tags":[],"emojis":[],"card":null,"poll":null}'}
    headers:
      Cache-Control: ['no-cache, no-store']
      Content-Type: [application/json; charset=utf-8]
      Referrer-Policy: [strict-origin-when-cross-origin]
      Transfer-Encoding: [chunked]
      Vary: ['Accept-Encoding, Origin']
      X-Content-Type-Options: [nosniff]
      X-Download-Options: [noopen]
      X-Frame-Options: [SAMEORIGIN]
      X-Permitted-Cross-Domain-Policies: [none]
      X-Request-Id: [19a74944-a214-449e-9306-aaac33a5b3cf]
      X-Runtime: ['0.098138']
      X-XSS-Protection: [1; mode=block]
      content-length: ['1567']
    status: {code: 200, message: OK}
version: 1
