interactions:
- request:
    body: status=Toot%21
    headers:
      Accept: ['*/*']
      Accept-Encoding: ['gzip, deflate']
      Authorization: [Bearer __MASTODON_PY_TEST_ACCESS_TOKEN]
      Connection: [keep-alive]
      Content-Length: ['14']
      Content-Type: [application/x-www-form-urlencoded]
      User-Agent: [python-requests/2.18.4]
    method: POST
    uri: http://localhost:3000/api/v1/statuses
  response:
    body: {string: '{"id":"101999566652865150","created_at":"2019-04-27T18:31:12.027Z","in_reply_to_id":null,"in_reply_to_account_id":null,"sensitive":false,"spoiler_text":"","visibility":"public","language":"ja","uri":"http://localhost/users/mastodonpy_test/statuses/101999566652865150","content":"\u003cp\u003eToot!\u003c/p\u003e","url":"http://localhost/@mastodonpy_test/101999566652865150","replies_count":0,"reblogs_count":0,"favourites_count":0,"favourited":false,"reblogged":false,"muted":false,"pinned":false,"reblog":null,"application":{"name":"Mastodon.py
        test suite","website":null},"account":{"id":"1234567890123456","username":"mastodonpy_test","acct":"mastodonpy_test","display_name":"John
        Lennon","locked":true,"bot":false,"created_at":"2019-04-27T20:03:12.393Z","note":"\u003cp\u003eI
        walk funny\u003c/p\u003e","url":"http://localhost/@mastodonpy_test","avatar":"http://localhost/system/accounts/avatars/123/456/789/012/345/original/mastodonpyupload_.jpeg?1556389071","avatar_static":"http://localhost/system/accounts/avatars/123/456/789/012/345/original/mastodonpyupload_.jpeg?1556389071","header":"http://localhost/system/accounts/headers/123/456/789/012/345/original/mastodonpyupload_.jpeg?1556389071","header_static":"http://localhost/system/accounts/headers/123/456/789/012/345/original/mastodonpyupload_.jpeg?1556389071","followers_count":0,"following_count":0,"statuses_count":64,"emojis":[],"fields":[{"name":"bread","value":"toasty.","verified_at":null},{"name":"lasagna","value":"no!!!","verified_at":null}]},"media_attachments":[],"mentions":[],"tags":[],"emojis":[],"card":null,"poll":null}'}
    headers:
      Cache-Control: ['max-age=0, private, must-revalidate']
      Content-Type: [application/json; charset=utf-8]
      ETag: [W/"c3f285e876a68f6e927cef0d1d1cb9fe"]
      Referrer-Policy: [strict-origin-when-cross-origin]
      Transfer-Encoding: [chunked]
      Vary: ['Accept-Encoding, Origin']
      X-Content-Type-Options: [nosniff]
      X-Download-Options: [noopen]
      X-Frame-Options: [SAMEORIGIN]
      X-Permitted-Cross-Domain-Policies: [none]
      X-Request-Id: [bb855852-dec6-4310-9658-370222e58d3e]
      X-Runtime: ['0.156394']
      X-XSS-Protection: [1; mode=block]
      content-length: ['1598']
    status: {code: 200, message: OK}
- request:
    body: null
    headers:
      Accept: ['*/*']
      Accept-Encoding: ['gzip, deflate']
      Authorization: [Bearer __MASTODON_PY_TEST_ACCESS_TOKEN_2]
      Connection: [keep-alive]
      Content-Length: ['0']
      User-Agent: [python-requests/2.18.4]
    method: POST
    uri: http://localhost:3000/api/v1/statuses/101999566652865150/favourite
  response:
    body: {string: '{"id":"101999566652865150","created_at":"2019-04-27T18:31:12.027Z","in_reply_to_id":null,"in_reply_to_account_id":null,"sensitive":false,"spoiler_text":"","visibility":"public","language":"ja","uri":"http://localhost/users/mastodonpy_test/statuses/101999566652865150","content":"\u003cp\u003eToot!\u003c/p\u003e","url":"http://localhost/@mastodonpy_test/101999566652865150","replies_count":0,"reblogs_count":0,"favourites_count":1,"favourited":true,"reblogged":false,"muted":false,"reblog":null,"application":{"name":"Mastodon.py
        test suite","website":null},"account":{"id":"1234567890123456","username":"mastodonpy_test","acct":"mastodonpy_test","display_name":"John
        Lennon","locked":true,"bot":false,"created_at":"2019-04-27T20:03:12.393Z","note":"\u003cp\u003eI
        walk funny\u003c/p\u003e","url":"http://localhost/@mastodonpy_test","avatar":"http://localhost/system/accounts/avatars/123/456/789/012/345/original/mastodonpyupload_.jpeg?1556389071","avatar_static":"http://localhost/system/accounts/avatars/123/456/789/012/345/original/mastodonpyupload_.jpeg?1556389071","header":"http://localhost/system/accounts/headers/123/456/789/012/345/original/mastodonpyupload_.jpeg?1556389071","header_static":"http://localhost/system/accounts/headers/123/456/789/012/345/original/mastodonpyupload_.jpeg?1556389071","followers_count":0,"following_count":0,"statuses_count":64,"emojis":[],"fields":[{"name":"bread","value":"toasty.","verified_at":null},{"name":"lasagna","value":"no!!!","verified_at":null}]},"media_attachments":[],"mentions":[],"tags":[],"emojis":[],"card":null,"poll":null}'}
    headers:
      Cache-Control: ['max-age=0, private, must-revalidate']
      Content-Type: [application/json; charset=utf-8]
      ETag: [W/"7d3bedf90024c88f94060734a602970a"]
      Referrer-Policy: [strict-origin-when-cross-origin]
      Transfer-Encoding: [chunked]
      Vary: ['Accept-Encoding, Origin']
      X-Content-Type-Options: [nosniff]
      X-Download-Options: [noopen]
      X-Frame-Options: [SAMEORIGIN]
      X-Permitted-Cross-Domain-Policies: [none]
      X-Request-Id: [eef1e0e8-9db7-4704-a137-6cbcc0a56034]
      X-Runtime: ['0.177688']
      X-XSS-Protection: [1; mode=block]
      content-length: ['1582']
    status: {code: 200, message: OK}
- request:
    body: null
    headers:
      Accept: ['*/*']
      Accept-Encoding: ['gzip, deflate']
      Authorization: [Bearer __MASTODON_PY_TEST_ACCESS_TOKEN_2]
      Connection: [keep-alive]
      User-Agent: [python-requests/2.18.4]
    method: GET
    uri: http://localhost:3000/api/v1/suggestions
  response:
    body: {string: '[{"id":"1234567890123456","username":"mastodonpy_test","acct":"mastodonpy_test","display_name":"John
        Lennon","locked":true,"bot":false,"created_at":"2019-04-27T20:03:12.393Z","note":"\u003cp\u003eI
        walk funny\u003c/p\u003e","url":"http://localhost/@mastodonpy_test","avatar":"http://localhost/system/accounts/avatars/123/456/789/012/345/original/mastodonpyupload_.jpeg?1556389071","avatar_static":"http://localhost/system/accounts/avatars/123/456/789/012/345/original/mastodonpyupload_.jpeg?1556389071","header":"http://localhost/system/accounts/headers/123/456/789/012/345/original/mastodonpyupload_.jpeg?1556389071","header_static":"http://localhost/system/accounts/headers/123/456/789/012/345/original/mastodonpyupload_.jpeg?1556389071","followers_count":0,"following_count":0,"statuses_count":64,"emojis":[],"fields":[{"name":"bread","value":"toasty.","verified_at":null},{"name":"lasagna","value":"no!!!","verified_at":null}]}]'}
    headers:
      Cache-Control: ['max-age=0, private, must-revalidate']
      Content-Type: [application/json; charset=utf-8]
      ETag: [W/"f5fc20f36db05b447842aa50c237d66f"]
      Referrer-Policy: [strict-origin-when-cross-origin]
      Transfer-Encoding: [chunked]
      Vary: ['Accept-Encoding, Origin']
      X-Content-Type-Options: [nosniff]
      X-Download-Options: [noopen]
      X-Frame-Options: [SAMEORIGIN]
      X-Permitted-Cross-Domain-Policies: [none]
      X-Request-Id: [5a67b07e-8380-4e7f-b462-9dcc7877b1ae]
      X-Runtime: ['0.019551']
      X-XSS-Protection: [1; mode=block]
      content-length: ['932']
    status: {code: 200, message: OK}
- request:
    body: null
    headers:
      Accept: ['*/*']
      Accept-Encoding: ['gzip, deflate']
      Authorization: [Bearer __MASTODON_PY_TEST_ACCESS_TOKEN_2]
      Connection: [keep-alive]
      Content-Length: ['0']
      User-Agent: [python-requests/2.18.4]
    method: DELETE
    uri: http://localhost:3000/api/v1/suggestions/1234567890123456
  response:
    body: {string: '{}'}
    headers:
      Cache-Control: ['max-age=0, private, must-revalidate']
      Content-Type: [application/json; charset=utf-8]
      ETag: [W/"a32095b18e61cd32984e3d6da4536825"]
      Referrer-Policy: [strict-origin-when-cross-origin]
      Transfer-Encoding: [chunked]
      Vary: ['Accept-Encoding, Origin']
      X-Content-Type-Options: [nosniff]
      X-Download-Options: [noopen]
      X-Frame-Options: [SAMEORIGIN]
      X-Permitted-Cross-Domain-Policies: [none]
      X-Request-Id: [b4c22d5b-fbf0-4387-9888-0ebab3da023a]
      X-Runtime: ['0.015695']
      X-XSS-Protection: [1; mode=block]
      content-length: ['2']
    status: {code: 200, message: OK}
- request:
    body: null
    headers:
      Accept: ['*/*']
      Accept-Encoding: ['gzip, deflate']
      Authorization: [Bearer __MASTODON_PY_TEST_ACCESS_TOKEN_2]
      Connection: [keep-alive]
      User-Agent: [python-requests/2.18.4]
    method: GET
    uri: http://localhost:3000/api/v1/suggestions
  response:
    body: {string: '[]'}
    headers:
      Cache-Control: ['max-age=0, private, must-revalidate']
      Content-Type: [application/json; charset=utf-8]
      ETag: [W/"237aa823c9dccb534cbd3f0f3da2818e"]
      Referrer-Policy: [strict-origin-when-cross-origin]
      Transfer-Encoding: [chunked]
      Vary: ['Accept-Encoding, Origin']
      X-Content-Type-Options: [nosniff]
      X-Download-Options: [noopen]
      X-Frame-Options: [SAMEORIGIN]
      X-Permitted-Cross-Domain-Policies: [none]
      X-Request-Id: [7c64aae5-1f4d-49f1-86ae-ea68a8674fee]
      X-Runtime: ['0.014172']
      X-XSS-Protection: [1; mode=block]
      content-length: ['2']
    status: {code: 200, message: OK}
- request:
    body: null
    headers:
      Accept: ['*/*']
      Accept-Encoding: ['gzip, deflate']
      Authorization: [Bearer __MASTODON_PY_TEST_ACCESS_TOKEN]
      Connection: [keep-alive]
      Content-Length: ['0']
      User-Agent: [python-requests/2.18.4]
    method: DELETE
    uri: http://localhost:3000/api/v1/statuses/101999566652865150
  response:
    body: {string: '{}'}
    headers:
      Cache-Control: ['max-age=0, private, must-revalidate']
      Content-Type: [application/json; charset=utf-8]
      ETag: [W/"a32095b18e61cd32984e3d6da4536825"]
      Referrer-Policy: [strict-origin-when-cross-origin]
      Transfer-Encoding: [chunked]
      Vary: ['Accept-Encoding, Origin']
      X-Content-Type-Options: [nosniff]
      X-Download-Options: [noopen]
      X-Frame-Options: [SAMEORIGIN]
      X-Permitted-Cross-Domain-Policies: [none]
      X-Request-Id: [a31dd745-e6d3-4449-9bd5-5e2894fd56da]
      X-Runtime: ['0.024104']
      X-XSS-Protection: [1; mode=block]
      content-length: ['2']
    status: {code: 200, message: OK}
version: 1
