interactions:
- request:
    body: title=ham+burglars
    headers:
      Accept: ['*/*']
      Accept-Encoding: ['gzip, deflate']
      Authorization: [Bearer __MASTODON_PY_TEST_ACCESS_TOKEN]
      Connection: [keep-alive]
      Content-Length: ['18']
      Content-Type: [application/x-www-form-urlencoded]
      User-Agent: [python-requests/2.18.4]
    method: POST
    uri: http://localhost:3000/api/v1/lists
  response:
    body: {string: '{"id":"12","title":"ham burglars"}'}
    headers:
      Cache-Control: ['max-age=0, private, must-revalidate']
      Content-Type: [application/json; charset=utf-8]
      ETag: [W/"9d25791829ea38f2ad58d7f62532e947"]
      Referrer-Policy: [strict-origin-when-cross-origin]
      Transfer-Encoding: [chunked]
      Vary: ['Accept-Encoding, Origin']
      X-Content-Type-Options: [nosniff]
      X-Download-Options: [noopen]
      X-Frame-Options: [SAMEORIGIN]
      X-Permitted-Cross-Domain-Policies: [none]
      X-Request-Id: [e66b2030-01e8-4ebf-9674-73adf96695df]
      X-Runtime: ['0.043475']
      X-XSS-Protection: [1; mode=block]
      content-length: ['34']
    status: {code: 200, message: OK}
- request:
    body: null
    headers:
      Accept: ['*/*']
      Accept-Encoding: ['gzip, deflate']
      Authorization: [Bearer __MASTODON_PY_TEST_ACCESS_TOKEN_2]
      Connection: [keep-alive]
      User-Agent: [python-requests/2.18.4]
    method: GET
    uri: http://localhost:3000/api/v1/accounts/verify_credentials
  response:
    body: {string: '{"id":"1","username":"admin","acct":"admin","display_name":"","locked":false,"bot":false,"created_at":"2018-07-13T19:35:33.303Z","note":"\u003cp\u003e\u003c/p\u003e","url":"http://localhost:3000/@admin","avatar":"http://localhost:3000/avatars/original/missing.png","avatar_static":"http://localhost:3000/avatars/original/missing.png","header":"http://localhost:3000/headers/original/missing.png","header_static":"http://localhost:3000/headers/original/missing.png","followers_count":0,"following_count":0,"statuses_count":67,"source":{"privacy":"public","sensitive":false,"language":null,"note":"","fields":[]},"emojis":[],"fields":[]}'}
    headers:
      Cache-Control: ['max-age=0, private, must-revalidate']
      Content-Type: [application/json; charset=utf-8]
      ETag: [W/"5211bab11227593f32fe99dfc5c25984"]
      Referrer-Policy: [strict-origin-when-cross-origin]
      Transfer-Encoding: [chunked]
      Vary: ['Accept-Encoding, Origin']
      X-Content-Type-Options: [nosniff]
      X-Download-Options: [noopen]
      X-Frame-Options: [SAMEORIGIN]
      X-Permitted-Cross-Domain-Policies: [none]
      X-Request-Id: [0ded0bcc-1c0d-447a-8f61-ed7192620979]
      X-Runtime: ['0.277921']
      X-XSS-Protection: [1; mode=block]
      content-length: ['635']
    status: {code: 200, message: OK}
- request:
    body: reblogs=True&id=1
    headers:
      Accept: ['*/*']
      Accept-Encoding: ['gzip, deflate']
      Authorization: [Bearer __MASTODON_PY_TEST_ACCESS_TOKEN]
      Connection: [keep-alive]
      Content-Length: ['17']
      Content-Type: [application/x-www-form-urlencoded]
      User-Agent: [python-requests/2.18.4]
    method: POST
    uri: http://localhost:3000/api/v1/accounts/1/follow
  response:
    body: {string: '{"id":"1","following":true,"showing_reblogs":true,"followed_by":false,"blocking":false,"muting":false,"muting_notifications":false,"requested":false,"domain_blocking":false}'}
    headers:
      Cache-Control: ['max-age=0, private, must-revalidate']
      Content-Type: [application/json; charset=utf-8]
      ETag: [W/"104706c5d5a5d4d87780cdec31e76836"]
      Referrer-Policy: [strict-origin-when-cross-origin]
      Transfer-Encoding: [chunked]
      Vary: ['Accept-Encoding, Origin']
      X-Content-Type-Options: [nosniff]
      X-Download-Options: [noopen]
      X-Frame-Options: [SAMEORIGIN]
      X-Permitted-Cross-Domain-Policies: [none]
      X-Request-Id: [4dbf24ce-460a-4457-b3a5-62dd116f7ca9]
      X-Runtime: ['0.078180']
      X-XSS-Protection: [1; mode=block]
      content-length: ['173']
    status: {code: 200, message: OK}
- request:
    body: account_ids%5B%5D=1
    headers:
      Accept: ['*/*']
      Accept-Encoding: ['gzip, deflate']
      Authorization: [Bearer __MASTODON_PY_TEST_ACCESS_TOKEN]
      Connection: [keep-alive]
      Content-Length: ['19']
      Content-Type: [application/x-www-form-urlencoded]
      User-Agent: [python-requests/2.18.4]
    method: POST
    uri: http://localhost:3000/api/v1/lists/12/accounts
  response:
    body: {string: '{}'}
    headers:
      Cache-Control: ['max-age=0, private, must-revalidate']
      Content-Type: [application/json; charset=utf-8]
      ETag: [W/"0cdb2e7c6eb5550ff52103826ed9e2cd"]
      Referrer-Policy: [strict-origin-when-cross-origin]
      Transfer-Encoding: [chunked]
      Vary: ['Accept-Encoding, Origin']
      X-Content-Type-Options: [nosniff]
      X-Download-Options: [noopen]
      X-Frame-Options: [SAMEORIGIN]
      X-Permitted-Cross-Domain-Policies: [none]
      X-Request-Id: [66b91f80-7290-4b31-9318-8f2b129b2be7]
      X-Runtime: ['0.058322']
      X-XSS-Protection: [1; mode=block]
      content-length: ['2']
    status: {code: 200, message: OK}
- request:
    body: null
    headers:
      Accept: ['*/*']
      Accept-Encoding: ['gzip, deflate']
      Authorization: [Bearer __MASTODON_PY_TEST_ACCESS_TOKEN]
      Connection: [keep-alive]
      User-Agent: [python-requests/2.18.4]
    method: GET
    uri: http://localhost:3000/api/v1/accounts/1/lists
  response:
    body: {string: '[{"id":"12","title":"ham burglars"}]'}
    headers:
      Cache-Control: ['max-age=0, private, must-revalidate']
      Content-Type: [application/json; charset=utf-8]
      ETag: [W/"403cd5e122640c4a0e94ec6f21466511"]
      Referrer-Policy: [strict-origin-when-cross-origin]
      Transfer-Encoding: [chunked]
      Vary: ['Accept-Encoding, Origin']
      X-Content-Type-Options: [nosniff]
      X-Download-Options: [noopen]
      X-Frame-Options: [SAMEORIGIN]
      X-Permitted-Cross-Domain-Policies: [none]
      X-Request-Id: [0e41c009-30b7-4135-91bb-3f745842a841]
      X-Runtime: ['0.062819']
      X-XSS-Protection: [1; mode=block]
      content-length: ['36']
    status: {code: 200, message: OK}
- request:
    body: null
    headers:
      Accept: ['*/*']
      Accept-Encoding: ['gzip, deflate']
      Authorization: [Bearer __MASTODON_PY_TEST_ACCESS_TOKEN]
      Connection: [keep-alive]
      Content-Length: ['0']
      User-Agent: [python-requests/2.18.4]
    method: POST
    uri: http://localhost:3000/api/v1/accounts/1/unfollow
  response:
    body: {string: '{"id":"1","following":false,"showing_reblogs":false,"followed_by":false,"blocking":false,"muting":false,"muting_notifications":false,"requested":false,"domain_blocking":false}'}
    headers:
      Cache-Control: ['max-age=0, private, must-revalidate']
      Content-Type: [application/json; charset=utf-8]
      ETag: [W/"8f29f445514fac6569926c516a323b44"]
      Referrer-Policy: [strict-origin-when-cross-origin]
      Transfer-Encoding: [chunked]
      Vary: ['Accept-Encoding, Origin']
      X-Content-Type-Options: [nosniff]
      X-Download-Options: [noopen]
      X-Frame-Options: [SAMEORIGIN]
      X-Permitted-Cross-Domain-Policies: [none]
      X-Request-Id: [528732f0-22b6-4e38-add7-c40b233f1616]
      X-Runtime: ['0.085867']
      X-XSS-Protection: [1; mode=block]
      content-length: ['175']
    status: {code: 200, message: OK}
- request:
    body: null
    headers:
      Accept: ['*/*']
      Accept-Encoding: ['gzip, deflate']
      Authorization: [Bearer __MASTODON_PY_TEST_ACCESS_TOKEN]
      Connection: [keep-alive]
      Content-Length: ['0']
      User-Agent: [python-requests/2.18.4]
    method: DELETE
    uri: http://localhost:3000/api/v1/lists/12
  response:
    body: {string: '{}'}
    headers:
      Cache-Control: ['max-age=0, private, must-revalidate']
      Content-Type: [application/json; charset=utf-8]
      ETag: [W/"ffab38e79475e4159e128e2821989fd2"]
      Referrer-Policy: [strict-origin-when-cross-origin]
      Transfer-Encoding: [chunked]
      Vary: ['Accept-Encoding, Origin']
      X-Content-Type-Options: [nosniff]
      X-Download-Options: [noopen]
      X-Frame-Options: [SAMEORIGIN]
      X-Permitted-Cross-Domain-Policies: [none]
      X-Request-Id: [30abb974-4601-4cd7-9587-aba15accc618]
      X-Runtime: ['0.056331']
      X-XSS-Protection: [1; mode=block]
      content-length: ['2']
    status: {code: 200, message: OK}
version: 1
